
> client@0.0.0 build
> vite build

[36mvite v5.4.21 [32mbuilding for production...[36m[39m
transforming...
[32m✓[39m 5 modules transformed.
node.exe : 
[31mx[39m Build 
failed in 286ms
At C:\Program Files\n
odejs\npm.ps1:29 
char:3
+   & $NODE_EXE 
$NPM_CLI_JS $args
+   ~~~~~~~~~~~~~~~~~
~~~~~~~~~~~~
    + CategoryInfo   
           : NotSpe  
  cified: ([31mx   
 [39m Build faile    
d in 286ms:Strin    
g) [], RemoteExc    
eption
    + FullyQualified 
   ErrorId : Native  
  CommandError
 
[31merror during 
build:
[31m[vite:css] 
[postcss] It looks 
like you're trying 
to use `tailwindcss` 
directly as a 
PostCSS plugin. The 
PostCSS plugin has 
moved to a separate 
package, so to 
continue using 
Tailwind CSS with 
PostCSS you'll need 
to install `@tailwind
css/postcss` and 
update your PostCSS 
configuration.[31m
file: [36mC:/Users/a
swin/Desktop/FSWD/orc
hids-mern-it-ticket-s
ystem/client/src/inde
x.css:undefined:NaN[
31m
    at lt (C:\Users\a
swin\Desktop\FSWD\orc
hids-mern-it-ticket-s
ystem\client\node_mod
ules\tailwindcss\dist
\lib.js:38:1643)
    at 
LazyResult.runOnRoot 
(C:\Users\aswin\Deskt
op\FSWD\orchids-mern-
it-ticket-system\clie
nt\node_modules\postc
ss\lib\lazy-result.js
:361:16)
    at 
LazyResult.runAsync (
C:\Users\aswin\Deskto
p\FSWD\orchids-mern-i
t-ticket-system\clien
t\node_modules\postcs
s\lib\lazy-result.js:
290:26)
    at 
LazyResult.async (C:\
Users\aswin\Desktop\F
SWD\orchids-mern-it-t
icket-system\client\n
ode_modules\postcss\l
ib\lazy-result.js:192
:30)
    at 
LazyResult.then (C:\U
sers\aswin\Desktop\FS
WD\orchids-mern-it-ti
cket-system\client\no
de_modules\postcss\li
b\lazy-result.js:436:
17)[39m
